// Jest Snapshot v1, https://goo.gl/fbAQLP

exports[`matches snapshot 1`] = `
Array [
  <div>
    <h1>
      Loading pokemon
    </h1>
  </div>,
  <button
    className="sc-hKgILt GNev btn btn-info btn-block"
    data-testid="button"
    onClick={[Function]}
    type="button"
  >
    Load More
  </button>,
]
`;
